
> ok-sites@0.0.0 build
> npm run sync:feed && docusaurus build


> ok-sites@0.0.0 sync:feed
> node scripts/sync-content-feed.mjs

[sync-content-feed:en] Feed is in sync with topic-index.
[sync-content-feed:id] Feed is in sync with topic-index.
[INFO] Website will be built for all these locales:
- en
- id
[INFO] [en] Creating an optimized production build...
Browserslist: browsers data (caniuse-lite) is 7 months old. Please run:
  npx update-browserslist-db@latest
  Why you should do it regularly: https://github.com/browserslist/update-db#readme
[webpackbar] ℹ Compiling Client
[webpackbar] ℹ Compiling Server
[webpackbar] ✔ Server: Compiled successfully in 3.66s
[webpackbar] ✔ Client: Compiled successfully in 5.75s
[SUCCESS] Generated static files in "build".
[INFO] [id] Creating an optimized production build...
[webpackbar] ℹ Compiling Client
[webpackbar] ℹ Compiling Server
[webpackbar] ✔ Server: Compiled successfully in 5.39s
[webpackbar] ✔ Client: Compiled successfully in 8.56s
[SUCCESS] Generated static files in "build/id".
[INFO] Use `npm run serve` command to test your build locally.
┌───────────────────────────────────────────────────────────┐
│           @docusaurus/core update check failed            │
│            Try running with sudo or get access            │
│           to the local update config store via            │
│ sudo chown -R $USER:$(id -gn $USER) [user-config-directory] │
└───────────────────────────────────────────────────────────┘
